// Jest Snapshot v1, https://goo.gl/fbAQLP

exports[`Testing Leagues component Should render Leagues 1`] = `
Object {
  "asFragment": [Function],
  "baseElement": <body>
    <div>
      <div
        class="text-center"
        id="homePage_header"
      >
        <h1
          id="main-header-text"
        >
          <span
            class="text-white"
          >
            Soccer
          </span>
           
          Leagues
        </h1>
        <form
          class="d-flex"
        >
          <input
            aria-label="Search"
            class="me-2 form-control"
            placeholder="Search"
            type="search"
          />
          <button
            class="btn btn-outline-success"
            type="button"
          >
            Search
          </button>
        </form>
      </div>
      <div
        id="consumePage"
      >
        <div
          style="color: red; display: flex; font-size: 40px;"
        >
          <div
            class="spinner-undefined"
          />
          no Data
        </div>
      </div>
    </div>
  </body>,
  "container": <div>
    <div
      class="text-center"
      id="homePage_header"
    >
      <h1
        id="main-header-text"
      >
        <span
          class="text-white"
        >
          Soccer
        </span>
         
        Leagues
      </h1>
      <form
        class="d-flex"
      >
        <input
          aria-label="Search"
          class="me-2 form-control"
          placeholder="Search"
          type="search"
        />
        <button
          class="btn btn-outline-success"
          type="button"
        >
          Search
        </button>
      </form>
    </div>
    <div
      id="consumePage"
    >
      <div
        style="color: red; display: flex; font-size: 40px;"
      >
        <div
          class="spinner-undefined"
        />
        no Data
      </div>
    </div>
  </div>,
  "debug": [Function],
  "findAllByAltText": [Function],
  "findAllByDisplayValue": [Function],
  "findAllByLabelText": [Function],
  "findAllByPlaceholderText": [Function],
  "findAllByRole": [Function],
  "findAllByTestId": [Function],
  "findAllByText": [Function],
  "findAllByTitle": [Function],
  "findByAltText": [Function],
  "findByDisplayValue": [Function],
  "findByLabelText": [Function],
  "findByPlaceholderText": [Function],
  "findByRole": [Function],
  "findByTestId": [Function],
  "findByText": [Function],
  "findByTitle": [Function],
  "getAllByAltText": [Function],
  "getAllByDisplayValue": [Function],
  "getAllByLabelText": [Function],
  "getAllByPlaceholderText": [Function],
  "getAllByRole": [Function],
  "getAllByTestId": [Function],
  "getAllByText": [Function],
  "getAllByTitle": [Function],
  "getByAltText": [Function],
  "getByDisplayValue": [Function],
  "getByLabelText": [Function],
  "getByPlaceholderText": [Function],
  "getByRole": [Function],
  "getByTestId": [Function],
  "getByText": [Function],
  "getByTitle": [Function],
  "queryAllByAltText": [Function],
  "queryAllByDisplayValue": [Function],
  "queryAllByLabelText": [Function],
  "queryAllByPlaceholderText": [Function],
  "queryAllByRole": [Function],
  "queryAllByTestId": [Function],
  "queryAllByText": [Function],
  "queryAllByTitle": [Function],
  "queryByAltText": [Function],
  "queryByDisplayValue": [Function],
  "queryByLabelText": [Function],
  "queryByPlaceholderText": [Function],
  "queryByRole": [Function],
  "queryByTestId": [Function],
  "queryByText": [Function],
  "queryByTitle": [Function],
  "rerender": [Function],
  "unmount": [Function],
}
`;
